[15:13:30.926] [INFO] storybook v10.1.11
[15:13:31.243] [DEBUG] Getting package.json info for D:/Development/shadcd/shadcn-angular/package.json...
[15:13:31.956] [INFO] Starting...
[15:13:31.974] [WARN] No story files found for the specified pattern: [34mpackages\**\*.mdx[39m
[15:13:32.224] [DEBUG] Starting preview..
[15:13:32.235] [INFO] Addon-docs: using MDX3
[15:13:32.255] [INFO] Using implicit CSS loaders
[15:13:32.257] [ERROR] Failed to build the preview
[15:13:32.258] [ERROR] [38;2;241;97;97mSB_FRAMEWORK_ANGULAR_0001 (AngularLegacyBuildOptionsError): Your Storybook startup script uses a solution that is not supported anymore.
You must use Angular builder to have an explicit configuration on the project used in angular.json.

Please run 'npx storybook automigrate' to automatically fix your config.

More info: 
	- https://github.com/storybookjs/storybook/blob/next/MIGRATION.md#angular-drop-support-for-calling-storybook-directly
	- https://github.com/storybookjs/storybook/tree/next/code/frameworks/angular#how-do-i-migrate-to-an-angular-storybook-builder
[39m
    at checkForLegacyBuildOptions (file:///D:/Development/shadcd/shadcn-angular/node_modules/@storybook/angular/dist/server/framework-preset-angular-cli.js:310:11)
    at Object.webpackFinal (file:///D:/Development/shadcd/shadcn-angular/node_modules/@storybook/angular/dist/server/framework-preset-angular-cli.js:244:3)
    at file:///D:/Development/shadcd/shadcn-angular/node_modules/storybook/dist/_node-chunks/chunk-Q4DOC7HF.js:10134:36
[15:13:32.259] [WARN] Broken build, fix the error above.
You may need to refresh the browser.